Microchip MPLAB XC8 Compiler V1.43 ()

Linker command line:

-W-3 --edf=/opt/microchip/xc8/v1.43/dat/en_msgs.txt -cs \
  -h+dist/default/production/Leds_18f4550.X.production.sym \
  --cmf=dist/default/production/Leds_18f4550.X.production.cmf -z -Q18F4550 \
  -o/tmp/xcX53AWYu -Mdist/default/production/Leds_18f4550.X.production.map \
  -E1 -ver=XC8 -ASTACK=060h-07ffh -pstack=STACK -ACODE=00h-07FFFh \
  -ACONST=00h-07FFFh -ASMALLCONST=0800h-08FFhx120 \
  -AMEDIUMCONST=0800h-07FFFh -ACOMRAM=01h-05Fh -AABS1=00h-07FFh \
  -ABIGRAM=01h-07FFh -ARAM=060h-0FFh,0100h-01FFhx7 -ABANK0=060h-0FFh \
  -ABANK1=0100h-01FFh -ABANK2=0200h-02FFh -ABANK3=0300h-03FFh \
  -ABANK4=0400h-04FFh -ABANK5=0500h-05FFh -ABANK6=0600h-06FFh \
  -ABANK7=0700h-07FFh -ASFR=0F60h-0FFFh \
  -preset_vec=00h,intcode,intcodelo,powerup,init -pramtop=0800h \
  -psmallconst=SMALLCONST -pmediumconst=MEDIUMCONST -pconst=CONST \
  -AFARRAM=00h-00h -ACONFIG=0300000h-030000Dh -pconfig=CONFIG \
  -AIDLOC=0200000h-0200007h -pidloc=IDLOC -AEEDATA=0F00000h-0F000FFh \
  -peeprom_data=EEDATA \
  -prdata=COMRAM,nvrram=COMRAM,nvbit=COMRAM,rbss=COMRAM,rbit=COMRAM \
  -pfarbss=FARRAM,fardata=FARRAM,nvFARRAM=FARRAM \
  -pintsave_regs=BIGRAM,bigbss=BIGRAM,bigdata=BIGRAM -pbss=RAM \
  -pidata=CODE,irdata=CODE,ibigdata=CODE,ifardata=CODE -prparam=COMRAM \
  /tmp/xcXSPPNor.obj dist/default/production/Leds_18f4550.X.production.obj 

Object code version is 3.11

Machine type is 18F4550

Call graph: (short form)




                Name                               Link     Load   Length Selector   Space Scale
/tmp/xcXSPPNor.obj
                init                                  0        0        4        0       0
                idloc                            200000   200000        8   200000       0
                config                           300000   300000        E   300000       0
dist/default/production/Leds_18f4550.X.production.obj
                text7                              7DB0     7DB0       3E     3ED8       0
                text6                              7D4C     7D4C       12     3EA6       0
                text5                              7D24     7D24        A     3E92       0
                text4                              7D3C     7D3C       10     3E9E       0
                text3                              7D5E     7D5E       1C     3EAF       0
                text2                              7D7A     7D7A       36     3EBD       0
                text1                              7DEE     7DEE       CC     3EF7       0
                text0                              7EBA     7EBA      146     3F5D       0
                cstackCOMRAM                          1        1       12        1       1
                bssCOMRAM                            17       17        4        1       1
                cinit                              7D2E     7D2E        E     3E97       0
                nvCOMRAM                             13       13        4        1       1

TOTAL           Name                               Link     Load   Length     Space
        CLASS   STACK          

        CLASS   CODE           
                init                                  0        0        4         0
                text7                              7DB0     7DB0       3E         0
                text6                              7D4C     7D4C       12         0
                text5                              7D24     7D24        A         0
                text4                              7D3C     7D3C       10         0
                text3                              7D5E     7D5E       1C         0
                text2                              7D7A     7D7A       36         0
                text1                              7DEE     7DEE       CC         0
                text0                              7EBA     7EBA      146         0
                cinit                              7D2E     7D2E        E         0

        CLASS   CONST          

        CLASS   SMALLCONST     

        CLASS   MEDIUMCONST    

        CLASS   COMRAM         
                cstackCOMRAM                          1        1       12         1
                bssCOMRAM                            17       17        4         1
                nvCOMRAM                             13       13        4         1

        CLASS   ABS1           

        CLASS   BIGRAM         

        CLASS   RAM            

        CLASS   BANK0          

        CLASS   BANK1          

        CLASS   BANK2          

        CLASS   BANK3          

        CLASS   BANK4          

        CLASS   BANK5          

        CLASS   BANK6          

        CLASS   BANK7          

        CLASS   SFR            

        CLASS   FARRAM         

        CLASS   CONFIG         
                config                           300000   300000        E         0

        CLASS   IDLOC          
                idloc                            200000   200000        8         0

        CLASS   EEDATA         



SEGMENTS        Name                           Load    Length   Top    Selector   Space  Class

                reset_vec                      000000  000004  000004         0       0  CODE    
                cstackCOMRAM                   000001  00001A  00001B         1       1  COMRAM  
                text5                          007D24  00000A  007D2E      3E92       0  CODE    
                cinit                          007D2E  00000E  007D3C      3E97       0  CODE    
                text4                          007D3C  000010  007D4C      3E9E       0  CODE    
                text6                          007D4C  000012  007D5E      3EA6       0  CODE    
                text3                          007D5E  00001C  007D7A      3EAF       0  CODE    
                text2                          007D7A  000036  007DB0      3EBD       0  CODE    
                text7                          007DB0  00003E  007DEE      3ED8       0  CODE    
                text1                          007DEE  0000CC  007EBA      3EF7       0  CODE    
                text0                          007EBA  000146  008000      3F5D       0  CODE    
                idloc                          200000  000008  200008    200000       0  IDLOC   
                config                         300000  00000E  30000E    300000       0  CONFIG  


UNUSED ADDRESS RANGES

        Name                Unused          Largest block    Delta
        BANK0            000060-0000FF               A0
        BANK1            000100-0001FF              100
        BANK2            000200-0002FF              100
        BANK3            000300-0003FF              100
        BANK4            000400-0004FF              100
        BANK5            000500-0005FF              100
        BANK6            000600-0006FF              100
        BANK7            000700-0007FF              100
        BIGRAM           00001B-0007FF              7E5
        CODE             000004-007D23             7D20
        COMRAM           00001B-00005F               45
        CONST            000004-007D23             7D20
        EEDATA           F00000-F000FF              100
        MEDIUMCONST      000800-007D23             7524
        RAM              000060-0007FF              100
        SFR              000F60-000FFF               A0
        SMALLCONST       000800-007D23              100
        STACK            000060-0007FF              7A0

                                  Symbol Table

?_ADC_A                         cstackCOMRAM 000001
?___aldiv                       cstackCOMRAM 000001
ADC_A@Medicion                  cstackCOMRAM 000007
Configuracion_ADC@AD0           cstackCOMRAM 000003
Configuracion_ADC@AD1           cstackCOMRAM 000001
Configuracion_ADC@AD2           cstackCOMRAM 000002
Delay_P@unit                    cstackCOMRAM 000001
PWM@Duty_Cicle                  cstackCOMRAM 000002
PWM@Giro                        cstackCOMRAM 000003
Puente_H@Duty_Cicle             cstackCOMRAM 000004
Puente_H@Giro                   cstackCOMRAM 000005
_ADCON0                         (abs)        000FC2
_ADCON0bits                     (abs)        000FC2
_ADCON1                         (abs)        000FC1
_ADCON2                         (abs)        000FC0
_ADC_A                          text7        007DB0
_ADRESH                         (abs)        000FC4
_ADRESL                         (abs)        000FC3
_Configuracion_ADC              text6        007D4C
_Configuracion_Puertos          text5        007D24
_Delay_P                        text4        007D3C
_Lectura                        nvCOMRAM     000013
_Operacion                      bssCOMRAM    000017
_PORTB                          (abs)        000F81
_PORTD                          (abs)        000F83
_PWM                            text3        007D5E
_Puente_H                       text2        007D7A
_TRISB                          (abs)        000F93
_TRISD                          (abs)        000F95
__CFG_BOR$ON                    (abs)        000000
__CFG_BORV$3                    (abs)        000000
__CFG_CCP2MX$ON                 (abs)        000000
__CFG_CP0$OFF                   (abs)        000000
__CFG_CP1$OFF                   (abs)        000000
__CFG_CP2$OFF                   (abs)        000000
__CFG_CP3$OFF                   (abs)        000000
__CFG_CPB$OFF                   (abs)        000000
__CFG_CPD$OFF                   (abs)        000000
__CFG_CPUDIV$OSC1_PLL2          (abs)        000000
__CFG_EBTR0$OFF                 (abs)        000000
__CFG_EBTR1$OFF                 (abs)        000000
__CFG_EBTR2$OFF                 (abs)        000000
__CFG_EBTR3$OFF                 (abs)        000000
__CFG_EBTRB$OFF                 (abs)        000000
__CFG_FCMEN$OFF                 (abs)        000000
__CFG_FOSC$HS                   (abs)        000000
__CFG_ICPRT$OFF                 (abs)        000000
__CFG_IESO$OFF                  (abs)        000000
__CFG_LPT1OSC$OFF               (abs)        000000
__CFG_LVP$OFF                   (abs)        000000
__CFG_MCLRE$ON                  (abs)        000000
__CFG_PBADEN$ON                 (abs)        000000
__CFG_PLLDIV$4                  (abs)        000000
__CFG_PWRT$OFF                  (abs)        000000
__CFG_STVREN$ON                 (abs)        000000
__CFG_USBDIV$1                  (abs)        000000
__CFG_VREGEN$OFF                (abs)        000000
__CFG_WDT$OFF                   (abs)        000000
__CFG_WDTPS$32768               (abs)        000000
__CFG_WRT0$OFF                  (abs)        000000
__CFG_WRT1$OFF                  (abs)        000000
__CFG_WRT2$OFF                  (abs)        000000
__CFG_WRT3$OFF                  (abs)        000000
__CFG_WRTB$OFF                  (abs)        000000
__CFG_WRTC$OFF                  (abs)        000000
__CFG_WRTD$OFF                  (abs)        000000
__CFG_XINST$OFF                 (abs)        000000
__HRAM                          (abs)        000000
__Habs1                         abs1         000000
__Hbank0                        bank0        000000
__Hbank1                        bank1        000000
__Hbank2                        bank2        000000
__Hbank3                        bank3        000000
__Hbank4                        bank4        000000
__Hbank5                        bank5        000000
__Hbank6                        bank6        000000
__Hbank7                        bank7        000000
__Hbigbss                       bigbss       000000
__Hbigdata                      bigdata      000000
__Hbigram                       bigram       000000
__Hbss                          bss          000000
__HbssCOMRAM                    bssCOMRAM    000000
__Hcinit                        cinit        000000
__Hclrtext                      clrtext      000000
__Hcomram                       comram       000000
__Hconfig                       config       30000E
__Hconst                        const        000000
__HcstackCOMRAM                 cstackCOMRAM 000000
__Hdata                         data         000000
__Heeprom_data                  eeprom_data  000000
__Hfarbss                       farbss       000000
__Hfardata                      fardata      000000
__Hibigdata                     ibigdata     000000
__Hidata                        idata        000000
__Hidloc                        idloc        200008
__Hifardata                     ifardata     000000
__Hinit                         init         000004
__Hintcode                      intcode      000000
__Hintcode_body                 intcode_body 000000
__Hintcodelo                    intcodelo    000000
__Hintentry                     intentry     000000
__Hintret                       intret       000000
__Hintsave_regs                 intsave_regs 000000
__Hirdata                       irdata       000000
__Hmediumconst                  mediumconst  000000
__HnvCOMRAM                     nvCOMRAM     000000
__HnvFARRAM                     nvFARRAM     000000
__Hnvbit                        nvbit        000000
__Hnvrram                       nvrram       000000
__Hparam                        rparam       000000
__Hpowerup                      powerup      000000
__Hram                          ram          000000
__Hramtop                       ramtop       000800
__Hrbit                         rbit         000000
__Hrbss                         rbss         000000
__Hrdata                        rdata        000000
__Hreset_vec                    reset_vec    000000
__Hrparam                       rparam       000000
__Hsfr                          sfr          000000
__Hsmallconst                   smallconst   000000
__Hspace_0                      (abs)        30000E
__Hspace_1                      (abs)        00001B
__Hspace_2                      (abs)        000000
__Hstack                        stack        000000
__Hstruct                       struct       000000
__Htemp                         temp         000000
__Htext                         text         000000
__Htext0                        text0        000000
__Htext1                        text1        000000
__Htext2                        text2        000000
__Htext3                        text3        000000
__Htext4                        text4        000000
__Htext5                        text5        000000
__Htext6                        text6        000000
__Htext7                        text7        000000
__LRAM                          (abs)        000001
__Labs1                         abs1         000000
__Lbank0                        bank0        000000
__Lbank1                        bank1        000000
__Lbank2                        bank2        000000
__Lbank3                        bank3        000000
__Lbank4                        bank4        000000
__Lbank5                        bank5        000000
__Lbank6                        bank6        000000
__Lbank7                        bank7        000000
__Lbigbss                       bigbss       000000
__Lbigdata                      bigdata      000000
__Lbigram                       bigram       000000
__Lbss                          bss          000000
__LbssCOMRAM                    bssCOMRAM    000000
__Lcinit                        cinit        000000
__Lclrtext                      clrtext      000000
__Lcomram                       comram       000000
__Lconfig                       config       300000
__Lconst                        const        000000
__LcstackCOMRAM                 cstackCOMRAM 000000
__Ldata                         data         000000
__Leeprom_data                  eeprom_data  000000
__Lfarbss                       farbss       000000
__Lfardata                      fardata      000000
__Libigdata                     ibigdata     000000
__Lidata                        idata        000000
__Lidloc                        idloc        200000
__Lifardata                     ifardata     000000
__Linit                         init         000000
__Lintcode                      intcode      000000
__Lintcode_body                 intcode_body 000000
__Lintcodelo                    intcodelo    000000
__Lintentry                     intentry     000000
__Lintret                       intret       000000
__Lintsave_regs                 intsave_regs 000000
__Lirdata                       irdata       000000
__Lmediumconst                  mediumconst  000000
__LnvCOMRAM                     nvCOMRAM     000000
__LnvFARRAM                     nvFARRAM     000000
__Lnvbit                        nvbit        000000
__Lnvrram                       nvrram       000000
__Lparam                        rparam       000000
__Lpowerup                      powerup      000000
__Lram                          ram          000000
__Lramtop                       ramtop       000800
__Lrbit                         rbit         000000
__Lrbss                         rbss         000000
__Lrdata                        rdata        000000
__Lreset_vec                    reset_vec    000000
__Lrparam                       rparam       000000
__Lsfr                          sfr          000000
__Lsmallconst                   smallconst   000000
__Lspace_0                      (abs)        000000
__Lspace_1                      (abs)        000000
__Lspace_2                      (abs)        000000
__Lstack                        stack        000000
__Lstruct                       struct       000000
__Ltemp                         temp         000000
__Ltext                         text         000000
__Ltext0                        text0        000000
__Ltext1                        text1        000000
__Ltext2                        text2        000000
__Ltext3                        text3        000000
__Ltext4                        text4        000000
__Ltext5                        text5        000000
__Ltext6                        text6        000000
__Ltext7                        text7        000000
__S0                            (abs)        30000E
__S1                            (abs)        00001B
__S2                            (abs)        000000
___aldiv                        text1        007DEE
___aldiv@counter                cstackCOMRAM 000009
___aldiv@dividend               cstackCOMRAM 000001
___aldiv@divisor                cstackCOMRAM 000005
___aldiv@quotient               cstackCOMRAM 00000B
___aldiv@sign                   cstackCOMRAM 00000A
___inthi_sp                     stack        000000
___intlo_sp                     stack        000000
___param_bank                   (abs)        000000
___rparam_used                  (abs)        000001
___sp                           stack        000000
__accesstop                     (abs)        000060
__activetblptr                  (abs)        000000
__end_of_ADC_A                  text7        007DEE
__end_of_Configuracion_ADC      text6        007D5E
__end_of_Configuracion_Puertos  text5        007D2E
__end_of_Delay_P                text4        007D4C
__end_of_PWM                    text3        007D7A
__end_of_Puente_H               text2        007DB0
__end_of___aldiv                text1        007EBA
__end_of__initialization        cinit        007D36
__end_of_main                   text0        008000
__initialization                cinit        007D2E
__mediumconst                   mediumconst  000000
__pbssCOMRAM                    bssCOMRAM    000017
__pcinit                        cinit        007D2E
__pcstackCOMRAM                 cstackCOMRAM 000001
__pnvCOMRAM                     nvCOMRAM     000013
__ptext0                        text0        007EBA
__ptext1                        text1        007DEE
__ptext2                        text2        007D7A
__ptext3                        text3        007D5E
__ptext4                        text4        007D3C
__ptext5                        text5        007D24
__ptext6                        text6        007D4C
__ptext7                        text7        007DB0
__ramtop                        ramtop       000800
__size_of_ADC_A                 (abs)        000000
__size_of_Configuracion_ADC     (abs)        000000
__size_of_Configuracion_Puertos (abs)        000000
__size_of_Delay_P               (abs)        000000
__size_of_PWM                   (abs)        000000
__size_of_Puente_H              (abs)        000000
__size_of___aldiv               (abs)        000000
__size_of_main                  (abs)        000000
__smallconst                    smallconst   000000
_main                           text0        007EBA
end_of_initialization           cinit        007D36
intlevel0                       text         000000
intlevel1                       text         000000
intlevel2                       text         000000
intlevel3                       text         000000
stackhi                         (abs)        0007FF
stacklo                         (abs)        000060
start                           init         000000
start_initialization            cinit        007D2E


FUNCTION INFORMATION:

 *************** function _main *****************
 Defined at:
		line 108 in file "main.c"
 Parameters:    Size  Location     Type
		None
 Auto vars:     Size  Location     Type
		None
 Return value:  Size  Location     Type
                  1    wreg      void 
 Registers used:
		wreg, status,2, status,0, cstack
 Tracked objects:
		On entry : 
		On exit  : 
		Unchanged: 
 Data sizes:     COMRAM   BANK0   BANK1   BANK2   BANK3   BANK4   BANK5   BANK6   BANK7
      Params:         0       0       0       0       0       0       0       0       0
      Locals:         0       0       0       0       0       0       0       0       0
      Temps:          4       0       0       0       0       0       0       0       0
      Totals:         4       0       0       0       0       0       0       0       0
Total ram usage:        4 bytes
 Hardware stack levels required when called:    3
 This function calls:
		_ADC_A
		_Configuracion_ADC
		_Configuracion_Puertos
		_Puente_H
		___aldiv
 This function is called by:
		Startup code after reset
 This function uses a non-reentrant model


 *************** function ___aldiv *****************
 Defined at:
		line 8 in file "/opt/microchip/xc8/v1.43/sources/common/aldiv.c"
 Parameters:    Size  Location     Type
  dividend        4    0[COMRAM] long 
  divisor         4    4[COMRAM] long 
 Auto vars:     Size  Location     Type
  quotient        4   10[COMRAM] long 
  sign            1    9[COMRAM] unsigned char 
  counter         1    8[COMRAM] unsigned char 
 Return value:  Size  Location     Type
                  4    0[COMRAM] long 
 Registers used:
		wreg, status,2, status,0
 Tracked objects:
		On entry : 
		On exit  : 
		Unchanged: 
 Data sizes:     COMRAM   BANK0   BANK1   BANK2   BANK3   BANK4   BANK5   BANK6   BANK7
      Params:         8       0       0       0       0       0       0       0       0
      Locals:         6       0       0       0       0       0       0       0       0
      Temps:          0       0       0       0       0       0       0       0       0
      Totals:        14       0       0       0       0       0       0       0       0
Total ram usage:       14 bytes
 Hardware stack levels used:    1
 This function calls:
		Nothing
 This function is called by:
		_main
 This function uses a non-reentrant model


 *************** function _Puente_H *****************
 Defined at:
		line 92 in file "main.c"
 Parameters:    Size  Location     Type
  Giro            1    wreg     unsigned char 
  Duty_Cicle      1    3[COMRAM] unsigned char 
 Auto vars:     Size  Location     Type
  Giro            1    4[COMRAM] unsigned char 
 Return value:  Size  Location     Type
                  1    wreg      void 
 Registers used:
		wreg, status,2, status,0, cstack
 Tracked objects:
		On entry : 
		On exit  : 
		Unchanged: 
 Data sizes:     COMRAM   BANK0   BANK1   BANK2   BANK3   BANK4   BANK5   BANK6   BANK7
      Params:         1       0       0       0       0       0       0       0       0
      Locals:         1       0       0       0       0       0       0       0       0
      Temps:          0       0       0       0       0       0       0       0       0
      Totals:         2       0       0       0       0       0       0       0       0
Total ram usage:        2 bytes
 Hardware stack levels used:    1
 Hardware stack levels required when called:    2
 This function calls:
		_PWM
 This function is called by:
		_main
 This function uses a non-reentrant model


 *************** function _PWM *****************
 Defined at:
		line 14 in file "PWM.c"
 Parameters:    Size  Location     Type
  Giro            1    wreg     const unsigned char 
  Duty_Cicle      1    1[COMRAM] unsigned char 
 Auto vars:     Size  Location     Type
  Giro            1    2[COMRAM] const unsigned char 
 Return value:  Size  Location     Type
                  1    wreg      void 
 Registers used:
		wreg, status,2, status,0, cstack
 Tracked objects:
		On entry : 
		On exit  : 
		Unchanged: 
 Data sizes:     COMRAM   BANK0   BANK1   BANK2   BANK3   BANK4   BANK5   BANK6   BANK7
      Params:         1       0       0       0       0       0       0       0       0
      Locals:         1       0       0       0       0       0       0       0       0
      Temps:          0       0       0       0       0       0       0       0       0
      Totals:         2       0       0       0       0       0       0       0       0
Total ram usage:        2 bytes
 Hardware stack levels used:    1
 Hardware stack levels required when called:    1
 This function calls:
		_Delay_P
 This function is called by:
		_Puente_H
 This function uses a non-reentrant model


 *************** function _Delay_P *****************
 Defined at:
		line 3 in file "PWM.c"
 Parameters:    Size  Location     Type
  unit            1    wreg     unsigned char 
 Auto vars:     Size  Location     Type
  unit            1    0[COMRAM] unsigned char 
 Return value:  Size  Location     Type
                  1    wreg      void 
 Registers used:
		wreg
 Tracked objects:
		On entry : 
		On exit  : 
		Unchanged: 
 Data sizes:     COMRAM   BANK0   BANK1   BANK2   BANK3   BANK4   BANK5   BANK6   BANK7
      Params:         0       0       0       0       0       0       0       0       0
      Locals:         1       0       0       0       0       0       0       0       0
      Temps:          0       0       0       0       0       0       0       0       0
      Totals:         1       0       0       0       0       0       0       0       0
Total ram usage:        1 bytes
 Hardware stack levels used:    1
 This function calls:
		Nothing
 This function is called by:
		_PWM
 This function uses a non-reentrant model


 *************** function _Configuracion_Puertos *****************
 Defined at:
		line 86 in file "main.c"
 Parameters:    Size  Location     Type
		None
 Auto vars:     Size  Location     Type
		None
 Return value:  Size  Location     Type
                  1    wreg      void 
 Registers used:
		wreg, status,2
 Tracked objects:
		On entry : 
		On exit  : 
		Unchanged: 
 Data sizes:     COMRAM   BANK0   BANK1   BANK2   BANK3   BANK4   BANK5   BANK6   BANK7
      Params:         0       0       0       0       0       0       0       0       0
      Locals:         0       0       0       0       0       0       0       0       0
      Temps:          0       0       0       0       0       0       0       0       0
      Totals:         0       0       0       0       0       0       0       0       0
Total ram usage:        0 bytes
 Hardware stack levels used:    1
 This function calls:
		Nothing
 This function is called by:
		_main
 This function uses a non-reentrant model


 *************** function _Configuracion_ADC *****************
 Defined at:
		line 5 in file "ADC.c"
 Parameters:    Size  Location     Type
  AD0             1    wreg     const unsigned char 
  AD1             1    0[COMRAM] const unsigned char 
  AD2             1    1[COMRAM] const unsigned char 
 Auto vars:     Size  Location     Type
  AD0             1    2[COMRAM] const unsigned char 
 Return value:  Size  Location     Type
                  1    wreg      void 
 Registers used:
		wreg
 Tracked objects:
		On entry : 
		On exit  : 
		Unchanged: 
 Data sizes:     COMRAM   BANK0   BANK1   BANK2   BANK3   BANK4   BANK5   BANK6   BANK7
      Params:         2       0       0       0       0       0       0       0       0
      Locals:         1       0       0       0       0       0       0       0       0
      Temps:          0       0       0       0       0       0       0       0       0
      Totals:         3       0       0       0       0       0       0       0       0
Total ram usage:        3 bytes
 Hardware stack levels used:    1
 This function calls:
		Nothing
 This function is called by:
		_main
 This function uses a non-reentrant model


 *************** function _ADC_A *****************
 Defined at:
		line 14 in file "ADC.c"
 Parameters:    Size  Location     Type
		None
 Auto vars:     Size  Location     Type
  Medicion        4    6[COMRAM] long 
 Return value:  Size  Location     Type
                  4    0[COMRAM] long 
 Registers used:
		wreg, status,2, status,0
 Tracked objects:
		On entry : 
		On exit  : 
		Unchanged: 
 Data sizes:     COMRAM   BANK0   BANK1   BANK2   BANK3   BANK4   BANK5   BANK6   BANK7
      Params:         4       0       0       0       0       0       0       0       0
      Locals:         4       0       0       0       0       0       0       0       0
      Temps:          2       0       0       0       0       0       0       0       0
      Totals:        10       0       0       0       0       0       0       0       0
Total ram usage:       10 bytes
 Hardware stack levels used:    1
 This function calls:
		Nothing
 This function is called by:
		_main
 This function uses a non-reentrant model



MODULE INFORMATION

Module		Function		Class		Link	Load	Size
/opt/microchip/xc8/v1.43/sources/common/aldiv.c
		___aldiv       		CODE           	7DEE	0000	205

/opt/microchip/xc8/v1.43/sources/common/aldiv.c estimated size: 205

PWM.c
		_PWM           		CODE           	7D5E	0000	29
		_Delay_P       		CODE           	7D3C	0000	17

PWM.c estimated size: 46

shared
		__initialization		CODE           	7D2E	0000	9

shared estimated size: 9

ADC.c
		_Configuracion_ADC		CODE           	7D4C	0000	19
		_ADC_A         		CODE           	7DB0	0000	63

ADC.c estimated size: 82

main.c
		_main          		CODE           	7EBA	0000	327
		_Puente_H      		CODE           	7D7A	0000	55
		_Configuracion_Puertos		CODE           	7D24	0000	11

main.c estimated size: 393

